I'm sorry, but errors were detected in your script. Please correct the
errors listed below, and try again.


File "game/functions.rpy", line 2: Tab characters are not allowed in Ren'Py scripts.

Ren'Py Version: Ren'Py 7.3.2.320
Thu Aug 22 11:15:04 2019
